<?xml version="1.0" encoding="utf-8"?><testsuites><testsuite name="pytest" errors="0" failures="0" skipped="0" tests="2" time="15.081" timestamp="2025-04-03T18:01:43.316287+05:30" hostname="Zo"><testcase classname="tests.test_data_dashboard" name="test_process_time_params" time="6.212" /><testcase classname="tests.test_data_dashboard" name="test_process_time_params_edge_cases" time="0.001" /></testsuite></testsuites>